../Core/Src/CANSPI.c:17:6:CANSPI_Sleep	8	static
../Core/Src/CANSPI.c:28:6:CANSPI_Initialize	40	static
../Core/Src/CANSPI.c:131:9:CANSPI_Transmit	24	static
../Core/Src/CANSPI.c:179:9:CANSPI_Receive	40	static
../Core/Src/CANSPI.c:230:9:CANSPI_messagesInBuffer	16	static
../Core/Src/CANSPI.c:250:9:CANSPI_isBussOff	16	static
../Core/Src/CANSPI.c:265:9:CANSPI_isRxErrorPassive	16	static
../Core/Src/CANSPI.c:280:9:CANSPI_isTxErrorPassive	16	static
../Core/Src/CANSPI.c:295:17:convertReg2ExtendedCANid	32	static
../Core/Src/CANSPI.c:317:17:convertReg2StandardCANid	24	static
../Core/Src/CANSPI.c:330:13:convertCANid2Reg	32	static
